// Jest Snapshot v1, https://goo.gl/fbAQLP

exports[`RESERVATION CONTAINER should match the ReservationContainer Component Snapshot 1`] = `
<div>
  <ReservationCard
    cancelReservation={[MockFunction]}
    date="12/25"
    key="0"
    name="Peerat"
    number="555"
    time="5:30 pm"
  />
  <ReservationCard
    cancelReservation={[MockFunction]}
    date="10/31"
    key="1"
    name="Consuelo"
    number="10"
    time="7:45 am"
  />
</div>
`;
